Determining if the include file malloc/malloc.h exists failed with the following output:
Change Dir: /home/wo4mei3/micclang/llvm-project/clang/build/CMakeFiles/CMakeTmp

Run Build Command(s):/usr/bin/gmake -f Makefile cmTC_fe722/fast && /usr/bin/gmake  -f CMakeFiles/cmTC_fe722.dir/build.make CMakeFiles/cmTC_fe722.dir/build
gmake[1]: Entering directory '/home/wo4mei3/micclang/llvm-project/clang/build/CMakeFiles/CMakeTmp'
Building C object CMakeFiles/cmTC_fe722.dir/CheckIncludeFile.c.o
/usr/bin/cc   -O3 -DNDEBUG -o CMakeFiles/cmTC_fe722.dir/CheckIncludeFile.c.o -c /home/wo4mei3/micclang/llvm-project/clang/build/CMakeFiles/CMakeTmp/CheckIncludeFile.c
/home/wo4mei3/micclang/llvm-project/clang/build/CMakeFiles/CMakeTmp/CheckIncludeFile.c:1:10: fatal error: malloc/malloc.h: No such file or directory
    1 | #include <malloc/malloc.h>
      |          ^~~~~~~~~~~~~~~~~
compilation terminated.
gmake[1]: *** [CMakeFiles/cmTC_fe722.dir/build.make:78: CMakeFiles/cmTC_fe722.dir/CheckIncludeFile.c.o] Error 1
gmake[1]: Leaving directory '/home/wo4mei3/micclang/llvm-project/clang/build/CMakeFiles/CMakeTmp'
gmake: *** [Makefile:127: cmTC_fe722/fast] Error 2



Determining if the include file valgrind/valgrind.h exists failed with the following output:
Change Dir: /home/wo4mei3/micclang/llvm-project/clang/build/CMakeFiles/CMakeTmp

Run Build Command(s):/usr/bin/gmake -f Makefile cmTC_3d6f7/fast && /usr/bin/gmake  -f CMakeFiles/cmTC_3d6f7.dir/build.make CMakeFiles/cmTC_3d6f7.dir/build
gmake[1]: Entering directory '/home/wo4mei3/micclang/llvm-project/clang/build/CMakeFiles/CMakeTmp'
Building C object CMakeFiles/cmTC_3d6f7.dir/CheckIncludeFile.c.o
/usr/bin/cc   -O3 -DNDEBUG -o CMakeFiles/cmTC_3d6f7.dir/CheckIncludeFile.c.o -c /home/wo4mei3/micclang/llvm-project/clang/build/CMakeFiles/CMakeTmp/CheckIncludeFile.c
/home/wo4mei3/micclang/llvm-project/clang/build/CMakeFiles/CMakeTmp/CheckIncludeFile.c:1:10: fatal error: valgrind/valgrind.h: No such file or directory
    1 | #include <valgrind/valgrind.h>
      |          ^~~~~~~~~~~~~~~~~~~~~
compilation terminated.
gmake[1]: *** [CMakeFiles/cmTC_3d6f7.dir/build.make:78: CMakeFiles/cmTC_3d6f7.dir/CheckIncludeFile.c.o] Error 1
gmake[1]: Leaving directory '/home/wo4mei3/micclang/llvm-project/clang/build/CMakeFiles/CMakeTmp'
gmake: *** [Makefile:127: cmTC_3d6f7/fast] Error 2



Determining if the include file mach/mach.h exists failed with the following output:
Change Dir: /home/wo4mei3/micclang/llvm-project/clang/build/CMakeFiles/CMakeTmp

Run Build Command(s):/usr/bin/gmake -f Makefile cmTC_8718c/fast && /usr/bin/gmake  -f CMakeFiles/cmTC_8718c.dir/build.make CMakeFiles/cmTC_8718c.dir/build
gmake[1]: Entering directory '/home/wo4mei3/micclang/llvm-project/clang/build/CMakeFiles/CMakeTmp'
Building C object CMakeFiles/cmTC_8718c.dir/CheckIncludeFile.c.o
/usr/bin/cc   -O3 -DNDEBUG -o CMakeFiles/cmTC_8718c.dir/CheckIncludeFile.c.o -c /home/wo4mei3/micclang/llvm-project/clang/build/CMakeFiles/CMakeTmp/CheckIncludeFile.c
/home/wo4mei3/micclang/llvm-project/clang/build/CMakeFiles/CMakeTmp/CheckIncludeFile.c:1:10: fatal error: mach/mach.h: No such file or directory
    1 | #include <mach/mach.h>
      |          ^~~~~~~~~~~~~
compilation terminated.
gmake[1]: *** [CMakeFiles/cmTC_8718c.dir/build.make:78: CMakeFiles/cmTC_8718c.dir/CheckIncludeFile.c.o] Error 1
gmake[1]: Leaving directory '/home/wo4mei3/micclang/llvm-project/clang/build/CMakeFiles/CMakeTmp'
gmake: *** [Makefile:127: cmTC_8718c/fast] Error 2



Determining if the include file CrashReporterClient.h exists failed with the following output:
Change Dir: /home/wo4mei3/micclang/llvm-project/clang/build/CMakeFiles/CMakeTmp

Run Build Command(s):/usr/bin/gmake -f Makefile cmTC_211ae/fast && /usr/bin/gmake  -f CMakeFiles/cmTC_211ae.dir/build.make CMakeFiles/cmTC_211ae.dir/build
gmake[1]: Entering directory '/home/wo4mei3/micclang/llvm-project/clang/build/CMakeFiles/CMakeTmp'
Building C object CMakeFiles/cmTC_211ae.dir/CheckIncludeFile.c.o
/usr/bin/cc   -O3 -DNDEBUG -o CMakeFiles/cmTC_211ae.dir/CheckIncludeFile.c.o -c /home/wo4mei3/micclang/llvm-project/clang/build/CMakeFiles/CMakeTmp/CheckIncludeFile.c
/home/wo4mei3/micclang/llvm-project/clang/build/CMakeFiles/CMakeTmp/CheckIncludeFile.c:1:10: fatal error: CrashReporterClient.h: No such file or directory
    1 | #include <CrashReporterClient.h>
      |          ^~~~~~~~~~~~~~~~~~~~~~~
compilation terminated.
gmake[1]: *** [CMakeFiles/cmTC_211ae.dir/build.make:78: CMakeFiles/cmTC_211ae.dir/CheckIncludeFile.c.o] Error 1
gmake[1]: Leaving directory '/home/wo4mei3/micclang/llvm-project/clang/build/CMakeFiles/CMakeTmp'
gmake: *** [Makefile:127: cmTC_211ae/fast] Error 2



Determining if the function pfm_initialize exists in the pfm failed with the following output:
Change Dir: /home/wo4mei3/micclang/llvm-project/clang/build/CMakeFiles/CMakeTmp

Run Build Command(s):/usr/bin/gmake -f Makefile cmTC_6b6a8/fast && /usr/bin/gmake  -f CMakeFiles/cmTC_6b6a8.dir/build.make CMakeFiles/cmTC_6b6a8.dir/build
gmake[1]: Entering directory '/home/wo4mei3/micclang/llvm-project/clang/build/CMakeFiles/CMakeTmp'
Building C object CMakeFiles/cmTC_6b6a8.dir/CheckFunctionExists.c.o
/usr/bin/cc   -DCHECK_FUNCTION_EXISTS=pfm_initialize -O3 -DNDEBUG -o CMakeFiles/cmTC_6b6a8.dir/CheckFunctionExists.c.o -c /usr/share/cmake-3.22/Modules/CheckFunctionExists.c
Linking C executable cmTC_6b6a8
/usr/bin/cmake -E cmake_link_script CMakeFiles/cmTC_6b6a8.dir/link.txt --verbose=1
/usr/bin/cc  -DCHECK_FUNCTION_EXISTS=pfm_initialize -O3 -DNDEBUG CMakeFiles/cmTC_6b6a8.dir/CheckFunctionExists.c.o -o cmTC_6b6a8  -lpfm -lm 
/usr/bin/ld: cannot find -lpfm: No such file or directory
collect2: error: ld returned 1 exit status
gmake[1]: *** [CMakeFiles/cmTC_6b6a8.dir/build.make:99: cmTC_6b6a8] Error 1
gmake[1]: Leaving directory '/home/wo4mei3/micclang/llvm-project/clang/build/CMakeFiles/CMakeTmp'
gmake: *** [Makefile:127: cmTC_6b6a8/fast] Error 2



Determining if the arc4random exist failed with the following output:
Change Dir: /home/wo4mei3/micclang/llvm-project/clang/build/CMakeFiles/CMakeTmp

Run Build Command(s):/usr/bin/gmake -f Makefile cmTC_25301/fast && /usr/bin/gmake  -f CMakeFiles/cmTC_25301.dir/build.make CMakeFiles/cmTC_25301.dir/build
gmake[1]: Entering directory '/home/wo4mei3/micclang/llvm-project/clang/build/CMakeFiles/CMakeTmp'
Building C object CMakeFiles/cmTC_25301.dir/CheckSymbolExists.c.o
/usr/bin/cc   -O3 -DNDEBUG -o CMakeFiles/cmTC_25301.dir/CheckSymbolExists.c.o -c /home/wo4mei3/micclang/llvm-project/clang/build/CMakeFiles/CMakeTmp/CheckSymbolExists.c
/home/wo4mei3/micclang/llvm-project/clang/build/CMakeFiles/CMakeTmp/CheckSymbolExists.c: In function ‘main’:
/home/wo4mei3/micclang/llvm-project/clang/build/CMakeFiles/CMakeTmp/CheckSymbolExists.c:8:19: error: ‘arc4random’ undeclared (first use in this function); did you mean ‘srandom’?
    8 |   return ((int*)(&arc4random))[argc];
      |                   ^~~~~~~~~~
      |                   srandom
/home/wo4mei3/micclang/llvm-project/clang/build/CMakeFiles/CMakeTmp/CheckSymbolExists.c:8:19: note: each undeclared identifier is reported only once for each function it appears in
gmake[1]: *** [CMakeFiles/cmTC_25301.dir/build.make:78: CMakeFiles/cmTC_25301.dir/CheckSymbolExists.c.o] Error 1
gmake[1]: Leaving directory '/home/wo4mei3/micclang/llvm-project/clang/build/CMakeFiles/CMakeTmp'
gmake: *** [Makefile:127: cmTC_25301/fast] Error 2


File /home/wo4mei3/micclang/llvm-project/clang/build/CMakeFiles/CMakeTmp/CheckSymbolExists.c:
/* */
#include <stdlib.h>

int main(int argc, char** argv)
{
  (void)argv;
#ifndef arc4random
  return ((int*)(&arc4random))[argc];
#else
  (void)argc;
  return 0;
#endif
}
Performing C SOURCE FILE Test C_SUPPORTS_WERROR_UNGUARDED_AVAILABILITY_NEW failed with the following output:
Change Dir: /home/wo4mei3/micclang/llvm-project/clang/build/CMakeFiles/CMakeTmp

Run Build Command(s):/usr/bin/gmake -f Makefile cmTC_1f00a/fast && /usr/bin/gmake  -f CMakeFiles/cmTC_1f00a.dir/build.make CMakeFiles/cmTC_1f00a.dir/build
gmake[1]: Entering directory '/home/wo4mei3/micclang/llvm-project/clang/build/CMakeFiles/CMakeTmp'
Building C object CMakeFiles/cmTC_1f00a.dir/src.c.o
/usr/bin/cc -DC_SUPPORTS_WERROR_UNGUARDED_AVAILABILITY_NEW  -O3 -DNDEBUG   -Werror=unguarded-availability-new -o CMakeFiles/cmTC_1f00a.dir/src.c.o -c /home/wo4mei3/micclang/llvm-project/clang/build/CMakeFiles/CMakeTmp/src.c
cc1: error: '-Werror=unguarded-availability-new': no option '-Wunguarded-availability-new'
gmake[1]: *** [CMakeFiles/cmTC_1f00a.dir/build.make:78: CMakeFiles/cmTC_1f00a.dir/src.c.o] Error 1
gmake[1]: Leaving directory '/home/wo4mei3/micclang/llvm-project/clang/build/CMakeFiles/CMakeTmp'
gmake: *** [Makefile:127: cmTC_1f00a/fast] Error 2


Source file was:
int main(void) { return 0; }
Determining if the __unw_add_dynamic_fde exist failed with the following output:
Change Dir: /home/wo4mei3/micclang/llvm-project/clang/build/CMakeFiles/CMakeTmp

Run Build Command(s):/usr/bin/gmake -f Makefile cmTC_7955e/fast && /usr/bin/gmake  -f CMakeFiles/cmTC_7955e.dir/build.make CMakeFiles/cmTC_7955e.dir/build
gmake[1]: Entering directory '/home/wo4mei3/micclang/llvm-project/clang/build/CMakeFiles/CMakeTmp'
Building C object CMakeFiles/cmTC_7955e.dir/CheckSymbolExists.c.o
/usr/bin/cc   -O3 -DNDEBUG -o CMakeFiles/cmTC_7955e.dir/CheckSymbolExists.c.o -c /home/wo4mei3/micclang/llvm-project/clang/build/CMakeFiles/CMakeTmp/CheckSymbolExists.c
Linking C executable cmTC_7955e
/usr/bin/cmake -E cmake_link_script CMakeFiles/cmTC_7955e.dir/link.txt --verbose=1
/usr/bin/cc -O3 -DNDEBUG CMakeFiles/cmTC_7955e.dir/CheckSymbolExists.c.o -o cmTC_7955e  -lm 
/usr/bin/ld: CMakeFiles/cmTC_7955e.dir/CheckSymbolExists.c.o: in function `main':
CheckSymbolExists.c:(.text.startup+0x7): undefined reference to `__unw_add_dynamic_fde'
collect2: error: ld returned 1 exit status
gmake[1]: *** [CMakeFiles/cmTC_7955e.dir/build.make:99: cmTC_7955e] Error 1
gmake[1]: Leaving directory '/home/wo4mei3/micclang/llvm-project/clang/build/CMakeFiles/CMakeTmp'
gmake: *** [Makefile:127: cmTC_7955e/fast] Error 2


File /home/wo4mei3/micclang/llvm-project/clang/build/CMakeFiles/CMakeTmp/CheckSymbolExists.c:
/* */
#include </home/wo4mei3/micclang/llvm-project/llvm/cmake/unwind.h>

int main(int argc, char** argv)
{
  (void)argv;
#ifndef __unw_add_dynamic_fde
  return ((int*)(&__unw_add_dynamic_fde))[argc];
#else
  (void)argc;
  return 0;
#endif
}
Determining if the mallctl exist failed with the following output:
Change Dir: /home/wo4mei3/micclang/llvm-project/clang/build/CMakeFiles/CMakeTmp

Run Build Command(s):/usr/bin/gmake -f Makefile cmTC_a5453/fast && /usr/bin/gmake  -f CMakeFiles/cmTC_a5453.dir/build.make CMakeFiles/cmTC_a5453.dir/build
gmake[1]: Entering directory '/home/wo4mei3/micclang/llvm-project/clang/build/CMakeFiles/CMakeTmp'
Building C object CMakeFiles/cmTC_a5453.dir/CheckSymbolExists.c.o
/usr/bin/cc   -O3 -DNDEBUG -o CMakeFiles/cmTC_a5453.dir/CheckSymbolExists.c.o -c /home/wo4mei3/micclang/llvm-project/clang/build/CMakeFiles/CMakeTmp/CheckSymbolExists.c
/home/wo4mei3/micclang/llvm-project/clang/build/CMakeFiles/CMakeTmp/CheckSymbolExists.c:2:10: fatal error: malloc_np.h: No such file or directory
    2 | #include <malloc_np.h>
      |          ^~~~~~~~~~~~~
compilation terminated.
gmake[1]: *** [CMakeFiles/cmTC_a5453.dir/build.make:78: CMakeFiles/cmTC_a5453.dir/CheckSymbolExists.c.o] Error 1
gmake[1]: Leaving directory '/home/wo4mei3/micclang/llvm-project/clang/build/CMakeFiles/CMakeTmp'
gmake: *** [Makefile:127: cmTC_a5453/fast] Error 2


File /home/wo4mei3/micclang/llvm-project/clang/build/CMakeFiles/CMakeTmp/CheckSymbolExists.c:
/* */
#include <malloc_np.h>

int main(int argc, char** argv)
{
  (void)argv;
#ifndef mallctl
  return ((int*)(&mallctl))[argc];
#else
  (void)argc;
  return 0;
#endif
}
Determining if the malloc_zone_statistics exist failed with the following output:
Change Dir: /home/wo4mei3/micclang/llvm-project/clang/build/CMakeFiles/CMakeTmp

Run Build Command(s):/usr/bin/gmake -f Makefile cmTC_ee81c/fast && /usr/bin/gmake  -f CMakeFiles/cmTC_ee81c.dir/build.make CMakeFiles/cmTC_ee81c.dir/build
gmake[1]: Entering directory '/home/wo4mei3/micclang/llvm-project/clang/build/CMakeFiles/CMakeTmp'
Building C object CMakeFiles/cmTC_ee81c.dir/CheckSymbolExists.c.o
/usr/bin/cc   -O3 -DNDEBUG -o CMakeFiles/cmTC_ee81c.dir/CheckSymbolExists.c.o -c /home/wo4mei3/micclang/llvm-project/clang/build/CMakeFiles/CMakeTmp/CheckSymbolExists.c
/home/wo4mei3/micclang/llvm-project/clang/build/CMakeFiles/CMakeTmp/CheckSymbolExists.c:2:10: fatal error: malloc/malloc.h: No such file or directory
    2 | #include <malloc/malloc.h>
      |          ^~~~~~~~~~~~~~~~~
compilation terminated.
gmake[1]: *** [CMakeFiles/cmTC_ee81c.dir/build.make:78: CMakeFiles/cmTC_ee81c.dir/CheckSymbolExists.c.o] Error 1
gmake[1]: Leaving directory '/home/wo4mei3/micclang/llvm-project/clang/build/CMakeFiles/CMakeTmp'
gmake: *** [Makefile:127: cmTC_ee81c/fast] Error 2


File /home/wo4mei3/micclang/llvm-project/clang/build/CMakeFiles/CMakeTmp/CheckSymbolExists.c:
/* */
#include <malloc/malloc.h>

int main(int argc, char** argv)
{
  (void)argv;
#ifndef malloc_zone_statistics
  return ((int*)(&malloc_zone_statistics))[argc];
#else
  (void)argc;
  return 0;
#endif
}
Determining if the strerror_s exist failed with the following output:
Change Dir: /home/wo4mei3/micclang/llvm-project/clang/build/CMakeFiles/CMakeTmp

Run Build Command(s):/usr/bin/gmake -f Makefile cmTC_22db1/fast && /usr/bin/gmake  -f CMakeFiles/cmTC_22db1.dir/build.make CMakeFiles/cmTC_22db1.dir/build
gmake[1]: Entering directory '/home/wo4mei3/micclang/llvm-project/clang/build/CMakeFiles/CMakeTmp'
Building C object CMakeFiles/cmTC_22db1.dir/CheckSymbolExists.c.o
/usr/bin/cc   -O3 -DNDEBUG -o CMakeFiles/cmTC_22db1.dir/CheckSymbolExists.c.o -c /home/wo4mei3/micclang/llvm-project/clang/build/CMakeFiles/CMakeTmp/CheckSymbolExists.c
/home/wo4mei3/micclang/llvm-project/clang/build/CMakeFiles/CMakeTmp/CheckSymbolExists.c: In function ‘main’:
/home/wo4mei3/micclang/llvm-project/clang/build/CMakeFiles/CMakeTmp/CheckSymbolExists.c:8:19: error: ‘strerror_s’ undeclared (first use in this function); did you mean ‘strerror_l’?
    8 |   return ((int*)(&strerror_s))[argc];
      |                   ^~~~~~~~~~
      |                   strerror_l
/home/wo4mei3/micclang/llvm-project/clang/build/CMakeFiles/CMakeTmp/CheckSymbolExists.c:8:19: note: each undeclared identifier is reported only once for each function it appears in
gmake[1]: *** [CMakeFiles/cmTC_22db1.dir/build.make:78: CMakeFiles/cmTC_22db1.dir/CheckSymbolExists.c.o] Error 1
gmake[1]: Leaving directory '/home/wo4mei3/micclang/llvm-project/clang/build/CMakeFiles/CMakeTmp'
gmake: *** [Makefile:127: cmTC_22db1/fast] Error 2


File /home/wo4mei3/micclang/llvm-project/clang/build/CMakeFiles/CMakeTmp/CheckSymbolExists.c:
/* */
#include <string.h>

int main(int argc, char** argv)
{
  (void)argv;
#ifndef strerror_s
  return ((int*)(&strerror_s))[argc];
#else
  (void)argc;
  return 0;
#endif
}
Performing C SOURCE FILE Test HAVE_STRUCT_STAT_ST_MTIMESPEC_TV_NSEC failed with the following output:
Change Dir: /home/wo4mei3/micclang/llvm-project/clang/build/CMakeFiles/CMakeTmp

Run Build Command(s):/usr/bin/gmake -f Makefile cmTC_33906/fast && /usr/bin/gmake  -f CMakeFiles/cmTC_33906.dir/build.make CMakeFiles/cmTC_33906.dir/build
gmake[1]: Entering directory '/home/wo4mei3/micclang/llvm-project/clang/build/CMakeFiles/CMakeTmp'
Building C object CMakeFiles/cmTC_33906.dir/src.c.o
/usr/bin/cc -DHAVE_STRUCT_STAT_ST_MTIMESPEC_TV_NSEC  -O3 -DNDEBUG -o CMakeFiles/cmTC_33906.dir/src.c.o -c /home/wo4mei3/micclang/llvm-project/clang/build/CMakeFiles/CMakeTmp/src.c
/home/wo4mei3/micclang/llvm-project/clang/build/CMakeFiles/CMakeTmp/src.c: In function ‘main’:
/home/wo4mei3/micclang/llvm-project/clang/build/CMakeFiles/CMakeTmp/src.c:7:34: error: ‘struct stat’ has no member named ‘st_mtimespec’
    7 |   (void)sizeof(((struct stat *)0)->st_mtimespec.tv_nsec);
      |                                  ^~
gmake[1]: *** [CMakeFiles/cmTC_33906.dir/build.make:78: CMakeFiles/cmTC_33906.dir/src.c.o] Error 1
gmake[1]: Leaving directory '/home/wo4mei3/micclang/llvm-project/clang/build/CMakeFiles/CMakeTmp'
gmake: *** [Makefile:127: cmTC_33906/fast] Error 2


Source file was:

#include <sys/types.h>
#include <sys/stat.h>

int main()
{
  (void)sizeof(((struct stat *)0)->st_mtimespec.tv_nsec);
  return 0;
}

Determining if the proc_pid_rusage exist failed with the following output:
Change Dir: /home/wo4mei3/micclang/llvm-project/clang/build/CMakeFiles/CMakeTmp

Run Build Command(s):/usr/bin/gmake -f Makefile cmTC_6fafb/fast && /usr/bin/gmake  -f CMakeFiles/cmTC_6fafb.dir/build.make CMakeFiles/cmTC_6fafb.dir/build
gmake[1]: Entering directory '/home/wo4mei3/micclang/llvm-project/clang/build/CMakeFiles/CMakeTmp'
Building C object CMakeFiles/cmTC_6fafb.dir/CheckSymbolExists.c.o
/usr/bin/cc -D_GNU_SOURCE  -O3 -DNDEBUG -o CMakeFiles/cmTC_6fafb.dir/CheckSymbolExists.c.o -c /home/wo4mei3/micclang/llvm-project/clang/build/CMakeFiles/CMakeTmp/CheckSymbolExists.c
/home/wo4mei3/micclang/llvm-project/clang/build/CMakeFiles/CMakeTmp/CheckSymbolExists.c:2:10: fatal error: libproc.h: No such file or directory
    2 | #include <libproc.h>
      |          ^~~~~~~~~~~
compilation terminated.
gmake[1]: *** [CMakeFiles/cmTC_6fafb.dir/build.make:78: CMakeFiles/cmTC_6fafb.dir/CheckSymbolExists.c.o] Error 1
gmake[1]: Leaving directory '/home/wo4mei3/micclang/llvm-project/clang/build/CMakeFiles/CMakeTmp'
gmake: *** [Makefile:127: cmTC_6fafb/fast] Error 2


File /home/wo4mei3/micclang/llvm-project/clang/build/CMakeFiles/CMakeTmp/CheckSymbolExists.c:
/* */
#include <libproc.h>

int main(int argc, char** argv)
{
  (void)argv;
#ifndef proc_pid_rusage
  return ((int*)(&proc_pid_rusage))[argc];
#else
  (void)argc;
  return 0;
#endif
}
Performing C SOURCE FILE Test C_SUPPORTS_CXX98_COMPAT_EXTRA_SEMI_FLAG failed with the following output:
Change Dir: /home/wo4mei3/micclang/llvm-project/clang/build/CMakeFiles/CMakeTmp

Run Build Command(s):/usr/bin/gmake -f Makefile cmTC_e9122/fast && /usr/bin/gmake  -f CMakeFiles/cmTC_e9122.dir/build.make CMakeFiles/cmTC_e9122.dir/build
gmake[1]: Entering directory '/home/wo4mei3/micclang/llvm-project/clang/build/CMakeFiles/CMakeTmp'
Building C object CMakeFiles/cmTC_e9122.dir/src.c.o
/usr/bin/cc -DC_SUPPORTS_CXX98_COMPAT_EXTRA_SEMI_FLAG  -fPIC -fno-semantic-interposition -Werror=date-time -fno-lifetime-dse -Wall -Wextra -Wno-unused-parameter -Wwrite-strings -Wcast-qual -Wno-missing-field-initializers -pedantic -Wno-long-long  -O3 -DNDEBUG   -Werror -Wc++98-compat-extra-semi -o CMakeFiles/cmTC_e9122.dir/src.c.o -c /home/wo4mei3/micclang/llvm-project/clang/build/CMakeFiles/CMakeTmp/src.c
cc: error: unrecognized command-line option '-Wc++98-compat-extra-semi'
gmake[1]: *** [CMakeFiles/cmTC_e9122.dir/build.make:78: CMakeFiles/cmTC_e9122.dir/src.c.o] Error 1
gmake[1]: Leaving directory '/home/wo4mei3/micclang/llvm-project/clang/build/CMakeFiles/CMakeTmp'
gmake: *** [Makefile:127: cmTC_e9122/fast] Error 2


Source file was:
int main(void) { return 0; }
Performing C++ SOURCE FILE Test CXX_SUPPORTS_CXX98_COMPAT_EXTRA_SEMI_FLAG failed with the following output:
Change Dir: /home/wo4mei3/micclang/llvm-project/clang/build/CMakeFiles/CMakeTmp

Run Build Command(s):/usr/bin/gmake -f Makefile cmTC_07686/fast && /usr/bin/gmake  -f CMakeFiles/cmTC_07686.dir/build.make CMakeFiles/cmTC_07686.dir/build
gmake[1]: Entering directory '/home/wo4mei3/micclang/llvm-project/clang/build/CMakeFiles/CMakeTmp'
Building CXX object CMakeFiles/cmTC_07686.dir/src.cxx.o
/usr/bin/c++ -DCXX_SUPPORTS_CXX98_COMPAT_EXTRA_SEMI_FLAG  -fPIC -fno-semantic-interposition -fvisibility-inlines-hidden -Werror=date-time -fno-lifetime-dse -Wall -Wextra -Wno-unused-parameter -Wwrite-strings -Wcast-qual -Wno-missing-field-initializers -pedantic -Wno-long-long  -O3 -DNDEBUG   -Werror -Wc++98-compat-extra-semi -std=c++17 -o CMakeFiles/cmTC_07686.dir/src.cxx.o -c /home/wo4mei3/micclang/llvm-project/clang/build/CMakeFiles/CMakeTmp/src.cxx
c++: error: unrecognized command-line option '-Wc++98-compat-extra-semi'
gmake[1]: *** [CMakeFiles/cmTC_07686.dir/build.make:78: CMakeFiles/cmTC_07686.dir/src.cxx.o] Error 1
gmake[1]: Leaving directory '/home/wo4mei3/micclang/llvm-project/clang/build/CMakeFiles/CMakeTmp'
gmake: *** [Makefile:127: cmTC_07686/fast] Error 2


Source file was:
int main() { return 0; }
Performing C SOURCE FILE Test C_WCOMMENT_ALLOWS_LINE_WRAP failed with the following output:
Change Dir: /home/wo4mei3/micclang/llvm-project/clang/build/CMakeFiles/CMakeTmp

Run Build Command(s):/usr/bin/gmake -f Makefile cmTC_93a4c/fast && /usr/bin/gmake  -f CMakeFiles/cmTC_93a4c.dir/build.make CMakeFiles/cmTC_93a4c.dir/build
gmake[1]: Entering directory '/home/wo4mei3/micclang/llvm-project/clang/build/CMakeFiles/CMakeTmp'
Building C object CMakeFiles/cmTC_93a4c.dir/src.c.o
/usr/bin/cc -DC_WCOMMENT_ALLOWS_LINE_WRAP -D_GNU_SOURCE  -fPIC -fno-semantic-interposition -Werror=date-time -fno-lifetime-dse -Wall -Wextra -Wno-unused-parameter -Wwrite-strings -Wcast-qual -Wno-missing-field-initializers -pedantic -Wno-long-long -Wimplicit-fallthrough  -Werror -Wcomment -O3 -DNDEBUG -o CMakeFiles/cmTC_93a4c.dir/src.c.o -c /home/wo4mei3/micclang/llvm-project/clang/build/CMakeFiles/CMakeTmp/src.c
/home/wo4mei3/micclang/llvm-project/clang/build/CMakeFiles/CMakeTmp/src.c:1:1: error: multi-line comment [-Werror=comment]
    1 | // \
      | ^
cc1: all warnings being treated as errors
gmake[1]: *** [CMakeFiles/cmTC_93a4c.dir/build.make:78: CMakeFiles/cmTC_93a4c.dir/src.c.o] Error 1
gmake[1]: Leaving directory '/home/wo4mei3/micclang/llvm-project/clang/build/CMakeFiles/CMakeTmp'
gmake: *** [Makefile:127: cmTC_93a4c/fast] Error 2


Source file was:
// \
//
int main(void) {return 0;}
Performing C SOURCE FILE Test C_SUPPORTS_CTAD_MAYBE_UNSPPORTED_FLAG failed with the following output:
Change Dir: /home/wo4mei3/micclang/llvm-project/clang/build/CMakeFiles/CMakeTmp

Run Build Command(s):/usr/bin/gmake -f Makefile cmTC_7520e/fast && /usr/bin/gmake  -f CMakeFiles/cmTC_7520e.dir/build.make CMakeFiles/cmTC_7520e.dir/build
gmake[1]: Entering directory '/home/wo4mei3/micclang/llvm-project/clang/build/CMakeFiles/CMakeTmp'
Building C object CMakeFiles/cmTC_7520e.dir/src.c.o
/usr/bin/cc -DC_SUPPORTS_CTAD_MAYBE_UNSPPORTED_FLAG  -fPIC -fno-semantic-interposition -Werror=date-time -fno-lifetime-dse -Wall -Wextra -Wno-unused-parameter -Wwrite-strings -Wcast-qual -Wno-missing-field-initializers -pedantic -Wno-long-long -Wimplicit-fallthrough -Wno-comment  -O3 -DNDEBUG   -Werror -Wctad-maybe-unsupported -o CMakeFiles/cmTC_7520e.dir/src.c.o -c /home/wo4mei3/micclang/llvm-project/clang/build/CMakeFiles/CMakeTmp/src.c
cc1: error: command-line option '-Wctad-maybe-unsupported' is valid for C++/ObjC++ but not for C [-Werror]
cc1: all warnings being treated as errors
gmake[1]: *** [CMakeFiles/cmTC_7520e.dir/build.make:78: CMakeFiles/cmTC_7520e.dir/src.c.o] Error 1
gmake[1]: Leaving directory '/home/wo4mei3/micclang/llvm-project/clang/build/CMakeFiles/CMakeTmp'
gmake: *** [Makefile:127: cmTC_7520e/fast] Error 2


Source file was:
int main(void) { return 0; }
Determining if the os_signpost_interval_begin exist failed with the following output:
Change Dir: /home/wo4mei3/micclang/llvm-project/clang/build/CMakeFiles/CMakeTmp

Run Build Command(s):/usr/bin/gmake -f Makefile cmTC_0ded3/fast && /usr/bin/gmake  -f CMakeFiles/cmTC_0ded3.dir/build.make CMakeFiles/cmTC_0ded3.dir/build
gmake[1]: Entering directory '/home/wo4mei3/micclang/llvm-project/clang/build/CMakeFiles/CMakeTmp'
Building C object CMakeFiles/cmTC_0ded3.dir/CheckSymbolExists.c.o
/usr/bin/cc -D_GNU_SOURCE  -fPIC -fno-semantic-interposition -fno-lifetime-dse -Wall -Wextra -Wno-unused-parameter -Wwrite-strings -Wcast-qual -Wno-missing-field-initializers -pedantic -Wno-long-long -Wimplicit-fallthrough -Wno-comment -ffunction-sections -fdata-sections  -O3 -DNDEBUG -o CMakeFiles/cmTC_0ded3.dir/CheckSymbolExists.c.o -c /home/wo4mei3/micclang/llvm-project/clang/build/CMakeFiles/CMakeTmp/CheckSymbolExists.c
/home/wo4mei3/micclang/llvm-project/clang/build/CMakeFiles/CMakeTmp/CheckSymbolExists.c:2:10: fatal error: os/signpost.h: No such file or directory
    2 | #include <os/signpost.h>
      |          ^~~~~~~~~~~~~~~
compilation terminated.
gmake[1]: *** [CMakeFiles/cmTC_0ded3.dir/build.make:78: CMakeFiles/cmTC_0ded3.dir/CheckSymbolExists.c.o] Error 1
gmake[1]: Leaving directory '/home/wo4mei3/micclang/llvm-project/clang/build/CMakeFiles/CMakeTmp'
gmake: *** [Makefile:127: cmTC_0ded3/fast] Error 2


File /home/wo4mei3/micclang/llvm-project/clang/build/CMakeFiles/CMakeTmp/CheckSymbolExists.c:
/* */
#include <os/signpost.h>

int main(int argc, char** argv)
{
  (void)argv;
#ifndef os_signpost_interval_begin
  return ((int*)(&os_signpost_interval_begin))[argc];
#else
  (void)argc;
  return 0;
#endif
}
Performing C++ SOURCE FILE Test HAS_WERROR_GLOBAL_CTORS failed with the following output:
Change Dir: /home/wo4mei3/micclang/llvm-project/clang/build/CMakeFiles/CMakeTmp

Run Build Command(s):/usr/bin/gmake -f Makefile cmTC_1270a/fast && /usr/bin/gmake  -f CMakeFiles/cmTC_1270a.dir/build.make CMakeFiles/cmTC_1270a.dir/build
gmake[1]: Entering directory '/home/wo4mei3/micclang/llvm-project/clang/build/CMakeFiles/CMakeTmp'
Building CXX object CMakeFiles/cmTC_1270a.dir/src.cxx.o
/usr/bin/c++ -DHAS_WERROR_GLOBAL_CTORS  -fPIC -fno-semantic-interposition -fvisibility-inlines-hidden -Werror=date-time -fno-lifetime-dse -Wall -Wextra -Wno-unused-parameter -Wwrite-strings -Wcast-qual -Wno-missing-field-initializers -pedantic -Wno-long-long -Wimplicit-fallthrough -Wno-uninitialized -Wno-nonnull -Wno-class-memaccess -Wno-redundant-move -Wno-pessimizing-move -Wno-noexcept-type -Wdelete-non-virtual-dtor -Wsuggest-override -Wno-comment -Wno-misleading-indentation -Wctad-maybe-unsupported -ffunction-sections -fdata-sections  -O3 -DNDEBUG   -Werror=global-constructors -std=c++17 -o CMakeFiles/cmTC_1270a.dir/src.cxx.o -c /home/wo4mei3/micclang/llvm-project/clang/build/CMakeFiles/CMakeTmp/src.cxx
cc1plus: error: '-Werror=global-constructors': no option '-Wglobal-constructors'; did you mean '-felide-constructors'?
gmake[1]: *** [CMakeFiles/cmTC_1270a.dir/build.make:78: CMakeFiles/cmTC_1270a.dir/src.cxx.o] Error 1
gmake[1]: Leaving directory '/home/wo4mei3/micclang/llvm-project/clang/build/CMakeFiles/CMakeTmp'
gmake: *** [Makefile:127: cmTC_1270a/fast] Error 2


Source file was:
int main() { return 0; }
Performing C++ SOURCE FILE Test HAVE_LINKER_FLAG_LONG_PLT failed with the following output:
Change Dir: /home/wo4mei3/micclang/llvm-project/clang/build/CMakeFiles/CMakeTmp

Run Build Command(s):/usr/bin/gmake -f Makefile cmTC_e9b9c/fast && /usr/bin/gmake  -f CMakeFiles/cmTC_e9b9c.dir/build.make CMakeFiles/cmTC_e9b9c.dir/build
gmake[1]: Entering directory '/home/wo4mei3/micclang/llvm-project/clang/build/CMakeFiles/CMakeTmp'
Building CXX object CMakeFiles/cmTC_e9b9c.dir/src.cxx.o
/usr/bin/c++ -DHAVE_LINKER_FLAG_LONG_PLT  -fPIC -fno-semantic-interposition -fvisibility-inlines-hidden -Werror=date-time -fno-lifetime-dse -Wall -Wextra -Wno-unused-parameter -Wwrite-strings -Wcast-qual -Wno-missing-field-initializers -pedantic -Wno-long-long -Wimplicit-fallthrough -Wno-uninitialized -Wno-nonnull -Wno-class-memaccess -Wno-redundant-move -Wno-pessimizing-move -Wno-noexcept-type -Wdelete-non-virtual-dtor -Wsuggest-override -Wno-comment -Wno-misleading-indentation -Wctad-maybe-unsupported -ffunction-sections -fdata-sections -fno-common -Woverloaded-virtual -fno-strict-aliasing  -O3 -DNDEBUG -std=c++17 -o CMakeFiles/cmTC_e9b9c.dir/src.cxx.o -c /home/wo4mei3/micclang/llvm-project/clang/build/CMakeFiles/CMakeTmp/src.cxx
Linking CXX executable cmTC_e9b9c
/usr/bin/cmake -E cmake_link_script CMakeFiles/cmTC_e9b9c.dir/link.txt --verbose=1
/usr/bin/c++  -fPIC -fno-semantic-interposition -fvisibility-inlines-hidden -Werror=date-time -fno-lifetime-dse -Wall -Wextra -Wno-unused-parameter -Wwrite-strings -Wcast-qual -Wno-missing-field-initializers -pedantic -Wno-long-long -Wimplicit-fallthrough -Wno-uninitialized -Wno-nonnull -Wno-class-memaccess -Wno-redundant-move -Wno-pessimizing-move -Wno-noexcept-type -Wdelete-non-virtual-dtor -Wsuggest-override -Wno-comment -Wno-misleading-indentation -Wctad-maybe-unsupported -ffunction-sections -fdata-sections -fno-common -Woverloaded-virtual -fno-strict-aliasing  -O3 -DNDEBUG  -fuse-ld=mold  -Wl,--long-plt CMakeFiles/cmTC_e9b9c.dir/src.cxx.o -o cmTC_e9b9c  -lm 
mold: unknown command line option: --long-plt
collect2: error: ld returned 1 exit status
gmake[1]: *** [CMakeFiles/cmTC_e9b9c.dir/build.make:99: cmTC_e9b9c] Error 1
gmake[1]: Leaving directory '/home/wo4mei3/micclang/llvm-project/clang/build/CMakeFiles/CMakeTmp'
gmake: *** [Makefile:127: cmTC_e9b9c/fast] Error 2


Source file was:
int main() { return 0; }
Performing C++ SOURCE FILE Test HAVE_CXX_FLAG_WSHORTEN_64_TO_32 failed with the following output:
Change Dir: /home/wo4mei3/micclang/llvm-project/clang/build/CMakeFiles/CMakeTmp

Run Build Command(s):/usr/bin/gmake -f Makefile cmTC_deaa2/fast && /usr/bin/gmake  -f CMakeFiles/cmTC_deaa2.dir/build.make CMakeFiles/cmTC_deaa2.dir/build
gmake[1]: Entering directory '/home/wo4mei3/micclang/llvm-project/clang/build/CMakeFiles/CMakeTmp'
Building CXX object CMakeFiles/cmTC_deaa2.dir/src.cxx.o
/usr/bin/c++ -DHAVE_CXX_FLAG_WSHORTEN_64_TO_32  -fPIC -fno-semantic-interposition -fvisibility-inlines-hidden -Werror=date-time -fno-lifetime-dse -Wall -Wextra -Wno-unused-parameter -Wwrite-strings -Wcast-qual -Wno-missing-field-initializers -pedantic -Wno-long-long -Wimplicit-fallthrough -Wno-uninitialized -Wno-nonnull -Wno-class-memaccess -Wno-redundant-move -Wno-pessimizing-move -Wno-noexcept-type -Wdelete-non-virtual-dtor -Wsuggest-override -Wno-comment -Wno-misleading-indentation -Wctad-maybe-unsupported -ffunction-sections -fdata-sections  -Wall  -Wextra  -Wshadow  -Wfloat-equal  -Wold-style-cast  -Wsuggest-override  -pedantic  -pedantic-errors  -Wshorten-64-to-32 -O3 -DNDEBUG   -Wshorten-64-to-32 -std=c++11 -o CMakeFiles/cmTC_deaa2.dir/src.cxx.o -c /home/wo4mei3/micclang/llvm-project/clang/build/CMakeFiles/CMakeTmp/src.cxx
c++: error: unrecognized command-line option '-Wshorten-64-to-32'
c++: error: unrecognized command-line option '-Wshorten-64-to-32'
gmake[1]: *** [CMakeFiles/cmTC_deaa2.dir/build.make:78: CMakeFiles/cmTC_deaa2.dir/src.cxx.o] Error 1
gmake[1]: Leaving directory '/home/wo4mei3/micclang/llvm-project/clang/build/CMakeFiles/CMakeTmp'
gmake: *** [Makefile:127: cmTC_deaa2/fast] Error 2


Source file was:
int main() { return 0; }
Performing C++ SOURCE FILE Test HAVE_CXX_FLAG_WD654 failed with the following output:
Change Dir: /home/wo4mei3/micclang/llvm-project/clang/build/CMakeFiles/CMakeTmp

Run Build Command(s):/usr/bin/gmake -f Makefile cmTC_d7c9f/fast && /usr/bin/gmake  -f CMakeFiles/cmTC_d7c9f.dir/build.make CMakeFiles/cmTC_d7c9f.dir/build
gmake[1]: Entering directory '/home/wo4mei3/micclang/llvm-project/clang/build/CMakeFiles/CMakeTmp'
Building CXX object CMakeFiles/cmTC_d7c9f.dir/src.cxx.o
/usr/bin/c++ -DHAVE_CXX_FLAG_WD654  -fPIC -fno-semantic-interposition -fvisibility-inlines-hidden -Werror=date-time -fno-lifetime-dse -Wall -Wextra -Wno-unused-parameter -Wwrite-strings -Wcast-qual -Wno-missing-field-initializers -pedantic -Wno-long-long -Wimplicit-fallthrough -Wno-uninitialized -Wno-nonnull -Wno-class-memaccess -Wno-redundant-move -Wno-pessimizing-move -Wno-noexcept-type -Wdelete-non-virtual-dtor -Wsuggest-override -Wno-comment -Wno-misleading-indentation -Wctad-maybe-unsupported -ffunction-sections -fdata-sections  -Wall  -Wextra  -Wshadow  -Wfloat-equal  -Wold-style-cast  -Wsuggest-override  -pedantic  -pedantic-errors  -fstrict-aliasing  -Wno-deprecated-declarations  -fno-exceptions  -Wstrict-aliasing  -wd654 -O3 -DNDEBUG   -wd654 -std=c++11 -o CMakeFiles/cmTC_d7c9f.dir/src.cxx.o -c /home/wo4mei3/micclang/llvm-project/clang/build/CMakeFiles/CMakeTmp/src.cxx
c++: error: unrecognized command-line option '-wd654'
c++: error: unrecognized command-line option '-wd654'
gmake[1]: *** [CMakeFiles/cmTC_d7c9f.dir/build.make:78: CMakeFiles/cmTC_d7c9f.dir/src.cxx.o] Error 1
gmake[1]: Leaving directory '/home/wo4mei3/micclang/llvm-project/clang/build/CMakeFiles/CMakeTmp'
gmake: *** [Makefile:127: cmTC_d7c9f/fast] Error 2


Source file was:
int main() { return 0; }
Performing C++ SOURCE FILE Test HAVE_CXX_FLAG_WTHREAD_SAFETY failed with the following output:
Change Dir: /home/wo4mei3/micclang/llvm-project/clang/build/CMakeFiles/CMakeTmp

Run Build Command(s):/usr/bin/gmake -f Makefile cmTC_ba22d/fast && /usr/bin/gmake  -f CMakeFiles/cmTC_ba22d.dir/build.make CMakeFiles/cmTC_ba22d.dir/build
gmake[1]: Entering directory '/home/wo4mei3/micclang/llvm-project/clang/build/CMakeFiles/CMakeTmp'
Building CXX object CMakeFiles/cmTC_ba22d.dir/src.cxx.o
/usr/bin/c++ -DHAVE_CXX_FLAG_WTHREAD_SAFETY  -fPIC -fno-semantic-interposition -fvisibility-inlines-hidden -Werror=date-time -fno-lifetime-dse -Wall -Wextra -Wno-unused-parameter -Wwrite-strings -Wcast-qual -Wno-missing-field-initializers -pedantic -Wno-long-long -Wimplicit-fallthrough -Wno-uninitialized -Wno-nonnull -Wno-class-memaccess -Wno-redundant-move -Wno-pessimizing-move -Wno-noexcept-type -Wdelete-non-virtual-dtor -Wsuggest-override -Wno-comment -Wno-misleading-indentation -Wctad-maybe-unsupported -ffunction-sections -fdata-sections  -Wall  -Wextra  -Wshadow  -Wfloat-equal  -Wold-style-cast  -Wsuggest-override  -pedantic  -pedantic-errors  -fstrict-aliasing  -Wno-deprecated-declarations  -fno-exceptions  -Wstrict-aliasing  -Wthread-safety -O3 -DNDEBUG   -Wthread-safety -std=c++11 -o CMakeFiles/cmTC_ba22d.dir/src.cxx.o -c /home/wo4mei3/micclang/llvm-project/clang/build/CMakeFiles/CMakeTmp/src.cxx
c++: error: unrecognized command-line option '-Wthread-safety'
c++: error: unrecognized command-line option '-Wthread-safety'
gmake[1]: *** [CMakeFiles/cmTC_ba22d.dir/build.make:78: CMakeFiles/cmTC_ba22d.dir/src.cxx.o] Error 1
gmake[1]: Leaving directory '/home/wo4mei3/micclang/llvm-project/clang/build/CMakeFiles/CMakeTmp'
gmake: *** [Makefile:127: cmTC_ba22d/fast] Error 2


Source file was:
int main() { return 0; }
